<?xml version="1.0" encoding="utf-8"?>
<TestRun id="2477b027-e0c0-4fce-aab1-c2ebe31bb0cc" name="SteevesSaillant@CAW-PF3F2WK3 2022-10-23 20:53:54" runUser="AzureAD\SteevesSaillant" xmlns="http://microsoft.com/schemas/VisualStudio/TeamTest/2010">
  <Times creation="2022-10-23T20:53:54.2686297-04:00" queuing="2022-10-23T20:53:54.2686300-04:00" start="2022-10-23T20:53:52.7610833-04:00" finish="2022-10-23T20:53:54.7311019-04:00" />
  <TestSettings name="default" id="77295ae8-890a-46f9-bfc3-11f08309e819">
    <Deployment runDeploymentRoot="SteevesSaillant_CAW-PF3F2WK3_2022-10-23_20_53_54" />
  </TestSettings>
  <Results>
    <UnitTestResult executionId="8b06b4d5-90d5-479a-8a0e-9a87cf9374f3" testId="88a4a26e-920c-b387-da47-7b1f88d1604b" testName="CRMTests.Integration.CustomerInteractionsIntegrationsTest.TryDeleteNonExistingCustomersFromCRMShouldReturnHTTPNOTFOUND() [02] Then the customer John Doe is returned" computerName="CAW-PF3F2WK3" duration="00:00:00.0001232" startTime="2022-10-23T20:53:54.5811221-04:00" endTime="2022-10-23T20:53:54.5811222-04:00" testType="13cdc9d9-ddb5-4fa4-a97d-d965ccfc6d4b" outcome="Passed" testListId="8c84fa94-04c1-424b-9868-57a2d4851a1d" relativeResultsDirectory="8b06b4d5-90d5-479a-8a0e-9a87cf9374f3" />
    <UnitTestResult executionId="937fb096-755b-47c9-b69d-ad34a9ef664e" testId="2d1fe5fa-7781-df7a-028c-228efa4e53a3" testName="CRMTests.CustomerInteractionsTest.GetAllCustomerFromCRM() [02] When these customers are added" computerName="CAW-PF3F2WK3" duration="00:00:00.0018862" startTime="2022-10-23T20:53:54.2483487-04:00" endTime="2022-10-23T20:53:54.2483488-04:00" testType="13cdc9d9-ddb5-4fa4-a97d-d965ccfc6d4b" outcome="Passed" testListId="8c84fa94-04c1-424b-9868-57a2d4851a1d" relativeResultsDirectory="937fb096-755b-47c9-b69d-ad34a9ef664e" />
    <UnitTestResult executionId="3a32d54d-a9c4-4b44-9097-85a6e9f6c440" testId="dfe296a8-51c0-fe7d-de68-5e4ff1aa909b" testName="CRMTests.Integration.CustomerInteractionsIntegrationsTest.PostCustomersJohnShouldUpdateJohn(id: &quot;JD1&quot;, firstName: &quot;John&quot;, lastName: &quot;Doe&quot;, dateOfBirth: &quot;2000-01-01&quot;) [01] Given we have a this existing customer that is already added to the CRM with age 2" computerName="CAW-PF3F2WK3" duration="00:00:00.0055883" startTime="2022-10-23T20:53:54.4000770-04:00" endTime="2022-10-23T20:53:54.4000771-04:00" testType="13cdc9d9-ddb5-4fa4-a97d-d965ccfc6d4b" outcome="Passed" testListId="8c84fa94-04c1-424b-9868-57a2d4851a1d" relativeResultsDirectory="3a32d54d-a9c4-4b44-9097-85a6e9f6c440" />
    <UnitTestResult executionId="9ff30491-681b-4ff4-8d48-d91dd977170e" testId="7173fd1f-fe22-3ed5-9d0c-92d42fd79e9b" testName="CRMTests.CustomerInteractionsTest.DeleteCustomerFromCRM() [01] Given we have an existing customer" computerName="CAW-PF3F2WK3" duration="00:00:00.0008060" startTime="2022-10-23T20:53:54.2149749-04:00" endTime="2022-10-23T20:53:54.2149750-04:00" testType="13cdc9d9-ddb5-4fa4-a97d-d965ccfc6d4b" outcome="Passed" testListId="8c84fa94-04c1-424b-9868-57a2d4851a1d" relativeResultsDirectory="9ff30491-681b-4ff4-8d48-d91dd977170e" />
    <UnitTestResult executionId="df9d1fbd-f548-4e22-b23f-a7e11ea81be4" testId="729ec0b0-b92d-9da7-e571-e31837706a5b" testName="CRMTests.Integration.CustomerInteractionsIntegrationsTest.GetAllCustomersFromCRM() [01] Given we have a these new customers to add to the CRM" computerName="CAW-PF3F2WK3" duration="00:00:00.0001866" startTime="2022-10-23T20:53:54.2462610-04:00" endTime="2022-10-23T20:53:54.2462610-04:00" testType="13cdc9d9-ddb5-4fa4-a97d-d965ccfc6d4b" outcome="Passed" testListId="8c84fa94-04c1-424b-9868-57a2d4851a1d" relativeResultsDirectory="df9d1fbd-f548-4e22-b23f-a7e11ea81be4" />
    <UnitTestResult executionId="ab431d46-8d85-4e68-ac7e-b001f880e9a7" testId="62448752-07b4-5b58-e28c-49c5324641df" testName="CRMTests.CustomerInteractionsTest.AddCustomerToRepository() [03] Then the customer is added" computerName="CAW-PF3F2WK3" duration="00:00:00.0016726" startTime="2022-10-23T20:53:54.2480300-04:00" endTime="2022-10-23T20:53:54.2480300-04:00" testType="13cdc9d9-ddb5-4fa4-a97d-d965ccfc6d4b" outcome="Passed" testListId="8c84fa94-04c1-424b-9868-57a2d4851a1d" relativeResultsDirectory="ab431d46-8d85-4e68-ac7e-b001f880e9a7" />
    <UnitTestResult executionId="558a913a-cf60-47f7-930a-7d4966582982" testId="06b77027-f858-0c36-a0f8-91563275b6e1" testName="CRMTests.Integration.CustomerInteractionsIntegrationsTest.PostANonAdultCustomerMustReturnError() [03] Then the validation fails and returns the following message" computerName="CAW-PF3F2WK3" duration="00:00:00.0012692" startTime="2022-10-23T20:53:54.2157444-04:00" endTime="2022-10-23T20:53:54.2157444-04:00" testType="13cdc9d9-ddb5-4fa4-a97d-d965ccfc6d4b" outcome="Passed" testListId="8c84fa94-04c1-424b-9868-57a2d4851a1d" relativeResultsDirectory="558a913a-cf60-47f7-930a-7d4966582982" />
    <UnitTestResult executionId="92163d10-7319-4fa4-b82c-62623f7efa6d" testId="2d1fe5fa-7781-df7a-028c-228efa4e53a3" testName="CRMTests.CustomerInteractionsTest.GetAllCustomerFromCRM() [01] Given we have these customer" computerName="CAW-PF3F2WK3" duration="00:00:00.0001232" startTime="2022-10-23T20:53:54.2481769-04:00" endTime="2022-10-23T20:53:54.2481770-04:00" testType="13cdc9d9-ddb5-4fa4-a97d-d965ccfc6d4b" outcome="Passed" testListId="8c84fa94-04c1-424b-9868-57a2d4851a1d" relativeResultsDirectory="92163d10-7319-4fa4-b82c-62623f7efa6d" />
    <UnitTestResult executionId="6c4904a2-ae23-447a-a6a1-acec101b4e13" testId="dfe296a8-51c0-fe7d-de68-5e4ff1aa909b" testName="CRMTests.Integration.CustomerInteractionsIntegrationsTest.PostCustomersJohnShouldUpdateJohn(id: &quot;JD1&quot;, firstName: &quot;John&quot;, lastName: &quot;Doe&quot;, dateOfBirth: &quot;2000-01-01&quot;) [02] When this customer is posted with age 22" computerName="CAW-PF3F2WK3" duration="00:00:00.0046206" startTime="2022-10-23T20:53:54.4047606-04:00" endTime="2022-10-23T20:53:54.4047607-04:00" testType="13cdc9d9-ddb5-4fa4-a97d-d965ccfc6d4b" outcome="Passed" testListId="8c84fa94-04c1-424b-9868-57a2d4851a1d" relativeResultsDirectory="6c4904a2-ae23-447a-a6a1-acec101b4e13" />
    <UnitTestResult executionId="c31223b9-baf5-4d47-aab8-62789bdc82a6" testId="a3ceb4f6-76d3-300a-c363-9f3721bc71df" testName="CRMTests.CustomerInteractionsTest.DeleteCustomerFromCRMFailsWhenNotFound() [02] When this customer is attempted to be deleted" computerName="CAW-PF3F2WK3" duration="00:00:00.0005016" startTime="2022-10-23T20:53:54.2460658-04:00" endTime="2022-10-23T20:53:54.2460659-04:00" testType="13cdc9d9-ddb5-4fa4-a97d-d965ccfc6d4b" outcome="Passed" testListId="8c84fa94-04c1-424b-9868-57a2d4851a1d" relativeResultsDirectory="c31223b9-baf5-4d47-aab8-62789bdc82a6" />
    <UnitTestResult executionId="3a63e658-4338-4e6b-b255-02215b1973af" testId="88a4a26e-920c-b387-da47-7b1f88d1604b" testName="CRMTests.Integration.CustomerInteractionsIntegrationsTest.TryDeleteNonExistingCustomersFromCRMShouldReturnHTTPNOTFOUND() [01] When the non exiting customer BadId is requested to be deleted" computerName="CAW-PF3F2WK3" duration="00:00:00.0052478" startTime="2022-10-23T20:53:54.5806299-04:00" endTime="2022-10-23T20:53:54.5806302-04:00" testType="13cdc9d9-ddb5-4fa4-a97d-d965ccfc6d4b" outcome="Passed" testListId="8c84fa94-04c1-424b-9868-57a2d4851a1d" relativeResultsDirectory="3a63e658-4338-4e6b-b255-02215b1973af" />
    <UnitTestResult executionId="e1164376-6684-4165-bb62-d17162ce66f7" testId="890dc6d8-3b3c-2dd1-89b8-07ee73c8671e" testName="CRMTests.Integration.CustomerInteractionsIntegrationsTest.PostCustomersJohnAndJaneToCRM(id: &quot;JD2&quot;, firstName: &quot;Jane&quot;, lastName: &quot;Doe&quot;, dateOfBirth: &quot;1999-02-02&quot;) [02] When these customers are posted" computerName="CAW-PF3F2WK3" duration="00:00:00.0058735" startTime="2022-10-23T20:53:54.4963862-04:00" endTime="2022-10-23T20:53:54.4963865-04:00" testType="13cdc9d9-ddb5-4fa4-a97d-d965ccfc6d4b" outcome="Passed" testListId="8c84fa94-04c1-424b-9868-57a2d4851a1d" relativeResultsDirectory="e1164376-6684-4165-bb62-d17162ce66f7" />
    <UnitTestResult executionId="7decc27a-70cd-4b48-b741-08ebfda9c7f5" testId="afcd0129-6e60-3d55-6d28-4527bf4561aa" testName="CRMTests.CustomerInteractionsTest.CustomerFieldsAreAllRequired() [03] Then the customer is not added to the CRM and the following error messages are returned as : [FirstName is required, LastName is required, DateOfBirth is required]" computerName="CAW-PF3F2WK3" duration="00:00:00.0008553" startTime="2022-10-23T20:53:54.2463649-04:00" endTime="2022-10-23T20:53:54.2463649-04:00" testType="13cdc9d9-ddb5-4fa4-a97d-d965ccfc6d4b" outcome="Passed" testListId="8c84fa94-04c1-424b-9868-57a2d4851a1d" relativeResultsDirectory="7decc27a-70cd-4b48-b741-08ebfda9c7f5" />
    <UnitTestResult executionId="f89e238a-4f4f-4986-be80-decf5758c37c" testId="890dc6d8-3b3c-2dd1-89b8-07ee73c8671e" testName="CRMTests.Integration.CustomerInteractionsIntegrationsTest.PostCustomersJohnAndJaneToCRM(id: &quot;JD1&quot;, firstName: &quot;John&quot;, lastName: &quot;Doe&quot;, dateOfBirth: &quot;2000-01-01&quot;) [01] Given we have a these new customers to add to the CRM" computerName="CAW-PF3F2WK3" duration="00:00:00.0002111" startTime="2022-10-23T20:53:54.4464920-04:00" endTime="2022-10-23T20:53:54.4464922-04:00" testType="13cdc9d9-ddb5-4fa4-a97d-d965ccfc6d4b" outcome="Passed" testListId="8c84fa94-04c1-424b-9868-57a2d4851a1d" relativeResultsDirectory="f89e238a-4f4f-4986-be80-decf5758c37c" />
    <UnitTestResult executionId="2087a270-3a97-4ab4-a303-45baff8804b6" testId="7bc3cad3-c134-4363-bf83-dcfa6f62fe6d" testName="CRMTests.Integration.CustomerInteractionsIntegrationsTest.PostAnAdultCustomerButOtherRequiredFieldsAreEmptyMustReturnErrors() [02] When the customer John Doe is posted" computerName="CAW-PF3F2WK3" duration="00:00:00.0005375" startTime="2022-10-23T20:53:54.5596424-04:00" endTime="2022-10-23T20:53:54.5596426-04:00" testType="13cdc9d9-ddb5-4fa4-a97d-d965ccfc6d4b" outcome="Passed" testListId="8c84fa94-04c1-424b-9868-57a2d4851a1d" relativeResultsDirectory="2087a270-3a97-4ab4-a303-45baff8804b6" />
    <UnitTestResult executionId="59682d47-aa34-4bf0-ac9e-9726ef6a4b54" testId="729ec0b0-b92d-9da7-e571-e31837706a5b" testName="CRMTests.Integration.CustomerInteractionsIntegrationsTest.GetAllCustomersFromCRM() [02] When these customers are posted" computerName="CAW-PF3F2WK3" duration="00:00:00.0723906" startTime="2022-10-23T20:53:54.3056260-04:00" endTime="2022-10-23T20:53:54.3056262-04:00" testType="13cdc9d9-ddb5-4fa4-a97d-d965ccfc6d4b" outcome="Passed" testListId="8c84fa94-04c1-424b-9868-57a2d4851a1d" relativeResultsDirectory="59682d47-aa34-4bf0-ac9e-9726ef6a4b54" />
    <UnitTestResult executionId="f68d5988-db55-43f7-9064-1a769fc25bfb" testId="d070c2af-e244-b40e-a1fe-822837088646" testName="CRMTests.Integration.CustomerInteractionsIntegrationsTest.GetCustomersJohnFromCRM() [01] Given we have John Doe a new customer that has been added to the CRM" computerName="CAW-PF3F2WK3" duration="00:00:00.0045706" startTime="2022-10-23T20:53:54.5305832-04:00" endTime="2022-10-23T20:53:54.5305833-04:00" testType="13cdc9d9-ddb5-4fa4-a97d-d965ccfc6d4b" outcome="Passed" testListId="8c84fa94-04c1-424b-9868-57a2d4851a1d" relativeResultsDirectory="f68d5988-db55-43f7-9064-1a769fc25bfb" />
    <UnitTestResult executionId="7855d80e-be2d-4f77-a1d8-c558a1f2cdbc" testId="2d1fe5fa-7781-df7a-028c-228efa4e53a3" testName="CRMTests.CustomerInteractionsTest.GetAllCustomerFromCRM() [03] Then these same customer are returned" computerName="CAW-PF3F2WK3" duration="00:00:00.0015537" startTime="2022-10-23T20:53:54.2483710-04:00" endTime="2022-10-23T20:53:54.2483710-04:00" testType="13cdc9d9-ddb5-4fa4-a97d-d965ccfc6d4b" outcome="Passed" testListId="8c84fa94-04c1-424b-9868-57a2d4851a1d" relativeResultsDirectory="7855d80e-be2d-4f77-a1d8-c558a1f2cdbc" />
    <UnitTestResult executionId="3e03f8d8-6720-4b17-bd76-90585c3c8018" testId="afcd0129-6e60-3d55-6d28-4527bf4561aa" testName="CRMTests.CustomerInteractionsTest.CustomerFieldsAreAllRequired() [02] When it is attempted to be added to the CRM" computerName="CAW-PF3F2WK3" duration="00:00:00.0015187" startTime="2022-10-23T20:53:54.2463489-04:00" endTime="2022-10-23T20:53:54.2463489-04:00" testType="13cdc9d9-ddb5-4fa4-a97d-d965ccfc6d4b" outcome="Passed" testListId="8c84fa94-04c1-424b-9868-57a2d4851a1d" relativeResultsDirectory="3e03f8d8-6720-4b17-bd76-90585c3c8018" />
    <UnitTestResult executionId="509b7c5b-b79a-41b8-9679-de7eb51dbed2" testId="7bc3cad3-c134-4363-bf83-dcfa6f62fe6d" testName="CRMTests.Integration.CustomerInteractionsIntegrationsTest.PostAnAdultCustomerButOtherRequiredFieldsAreEmptyMustReturnErrors() [01] Given we have John Doe a new customer that is 18 years of age" computerName="CAW-PF3F2WK3" duration="00:00:00.0001254" startTime="2022-10-23T20:53:54.5590430-04:00" endTime="2022-10-23T20:53:54.5590432-04:00" testType="13cdc9d9-ddb5-4fa4-a97d-d965ccfc6d4b" outcome="Passed" testListId="8c84fa94-04c1-424b-9868-57a2d4851a1d" relativeResultsDirectory="509b7c5b-b79a-41b8-9679-de7eb51dbed2" />
    <UnitTestResult executionId="bc298c11-b100-4fa0-8266-00f5b873b415" testId="890dc6d8-3b3c-2dd1-89b8-07ee73c8671e" testName="CRMTests.Integration.CustomerInteractionsIntegrationsTest.PostCustomersJohnAndJaneToCRM(id: &quot;JD2&quot;, firstName: &quot;Jane&quot;, lastName: &quot;Doe&quot;, dateOfBirth: &quot;1999-02-02&quot;) [03] Then these customer are added and saved" computerName="CAW-PF3F2WK3" duration="00:00:00.0046470" startTime="2022-10-23T20:53:54.5010774-04:00" endTime="2022-10-23T20:53:54.5010776-04:00" testType="13cdc9d9-ddb5-4fa4-a97d-d965ccfc6d4b" outcome="Passed" testListId="8c84fa94-04c1-424b-9868-57a2d4851a1d" relativeResultsDirectory="bc298c11-b100-4fa0-8266-00f5b873b415" />
    <UnitTestResult executionId="639e3b30-0a9c-4593-bcbb-8ea6a8d9499f" testId="8ea5fe21-9c0f-59f5-c48b-9b8f27394051" testName="CRMTests.CustomerInteractionsTest.DeleteCustomerByIdFromCRM() [03] Then the customer is deleted" computerName="CAW-PF3F2WK3" duration="00:00:00.0007112" startTime="2022-10-23T20:53:54.2465654-04:00" endTime="2022-10-23T20:53:54.2465655-04:00" testType="13cdc9d9-ddb5-4fa4-a97d-d965ccfc6d4b" outcome="Passed" testListId="8c84fa94-04c1-424b-9868-57a2d4851a1d" relativeResultsDirectory="639e3b30-0a9c-4593-bcbb-8ea6a8d9499f" />
    <UnitTestResult executionId="f7e88d13-8f82-4782-8092-a12d86cb81bb" testId="729ec0b0-b92d-9da7-e571-e31837706a5b" testName="CRMTests.Integration.CustomerInteractionsIntegrationsTest.GetAllCustomersFromCRM() [03] Then these customer are added and saved" computerName="CAW-PF3F2WK3" duration="00:00:00.0325348" startTime="2022-10-23T20:53:54.3384921-04:00" endTime="2022-10-23T20:53:54.3384924-04:00" testType="13cdc9d9-ddb5-4fa4-a97d-d965ccfc6d4b" outcome="Passed" testListId="8c84fa94-04c1-424b-9868-57a2d4851a1d" relativeResultsDirectory="f7e88d13-8f82-4782-8092-a12d86cb81bb" />
    <UnitTestResult executionId="87ebbccb-b7f9-41cb-a7f9-64fe7b099cc5" testId="7bc3cad3-c134-4363-bf83-dcfa6f62fe6d" testName="CRMTests.Integration.CustomerInteractionsIntegrationsTest.PostAnAdultCustomerButOtherRequiredFieldsAreEmptyMustReturnErrors() [03] Then the validation fails and returns the following message" computerName="CAW-PF3F2WK3" duration="00:00:00.0001958" startTime="2022-10-23T20:53:54.5598020-04:00" endTime="2022-10-23T20:53:54.5598021-04:00" testType="13cdc9d9-ddb5-4fa4-a97d-d965ccfc6d4b" outcome="Passed" testListId="8c84fa94-04c1-424b-9868-57a2d4851a1d" relativeResultsDirectory="87ebbccb-b7f9-41cb-a7f9-64fe7b099cc5" />
    <UnitTestResult executionId="77dcb9e8-552f-4461-8559-e1fbd0a46f72" testId="8ea5fe21-9c0f-59f5-c48b-9b8f27394051" testName="CRMTests.CustomerInteractionsTest.DeleteCustomerByIdFromCRM() [02] When this customer is deleted" computerName="CAW-PF3F2WK3" duration="00:00:00.0015018" startTime="2022-10-23T20:53:54.2465506-04:00" endTime="2022-10-23T20:53:54.2465506-04:00" testType="13cdc9d9-ddb5-4fa4-a97d-d965ccfc6d4b" outcome="Passed" testListId="8c84fa94-04c1-424b-9868-57a2d4851a1d" relativeResultsDirectory="77dcb9e8-552f-4461-8559-e1fbd0a46f72" />
    <UnitTestResult executionId="a18c616a-d565-4f34-bc5b-41122453d3c9" testId="a3ceb4f6-76d3-300a-c363-9f3721bc71df" testName="CRMTests.CustomerInteractionsTest.DeleteCustomerFromCRMFailsWhenNotFound() [01] Given we have non-existing customer" computerName="CAW-PF3F2WK3" duration="00:00:00.0028570" startTime="2022-10-23T20:53:54.2459626-04:00" endTime="2022-10-23T20:53:54.2459627-04:00" testType="13cdc9d9-ddb5-4fa4-a97d-d965ccfc6d4b" outcome="Passed" testListId="8c84fa94-04c1-424b-9868-57a2d4851a1d" relativeResultsDirectory="a18c616a-d565-4f34-bc5b-41122453d3c9" />
    <UnitTestResult executionId="01b708a5-a934-4d02-b37e-81bc987b69de" testId="a3ceb4f6-76d3-300a-c363-9f3721bc71df" testName="CRMTests.CustomerInteractionsTest.DeleteCustomerFromCRMFailsWhenNotFound() [03] Then the non-existing customer cannot be deleted" computerName="CAW-PF3F2WK3" duration="00:00:00.0006976" startTime="2022-10-23T20:53:54.2460832-04:00" endTime="2022-10-23T20:53:54.2460833-04:00" testType="13cdc9d9-ddb5-4fa4-a97d-d965ccfc6d4b" outcome="Passed" testListId="8c84fa94-04c1-424b-9868-57a2d4851a1d" relativeResultsDirectory="01b708a5-a934-4d02-b37e-81bc987b69de" />
    <UnitTestResult executionId="f3621837-8f1c-47d2-984d-34843663ddb3" testId="b1c00b2a-e8f2-6cc1-0eec-b57070e6db04" testName="CRMTests.CustomerInteractionsTest.CustomerMustBeAnAdult() [01] Given we have a new customer that is 17 yrs of age" computerName="CAW-PF3F2WK3" duration="00:00:00.0619055" startTime="2022-10-23T20:53:54.1729223-04:00" endTime="2022-10-23T20:53:54.1729384-04:00" testType="13cdc9d9-ddb5-4fa4-a97d-d965ccfc6d4b" outcome="Passed" testListId="8c84fa94-04c1-424b-9868-57a2d4851a1d" relativeResultsDirectory="f3621837-8f1c-47d2-984d-34843663ddb3" />
    <UnitTestResult executionId="182ba76f-19ac-4bb0-9292-0a48d1446526" testId="7173fd1f-fe22-3ed5-9d0c-92d42fd79e9b" testName="CRMTests.CustomerInteractionsTest.DeleteCustomerFromCRM() [02] When this customer is deleted" computerName="CAW-PF3F2WK3" duration="00:00:00.0065023" startTime="2022-10-23T20:53:54.2215007-04:00" endTime="2022-10-23T20:53:54.2215009-04:00" testType="13cdc9d9-ddb5-4fa4-a97d-d965ccfc6d4b" outcome="Passed" testListId="8c84fa94-04c1-424b-9868-57a2d4851a1d" relativeResultsDirectory="182ba76f-19ac-4bb0-9292-0a48d1446526" />
    <UnitTestResult executionId="be5fdd79-4ff3-43ac-8a4e-5ae0d75b2fce" testId="62448752-07b4-5b58-e28c-49c5324641df" testName="CRMTests.CustomerInteractionsTest.AddCustomerToRepository() [01] Given we have a new customer" computerName="CAW-PF3F2WK3" duration="00:00:00.0006465" startTime="2022-10-23T20:53:54.2478888-04:00" endTime="2022-10-23T20:53:54.2478888-04:00" testType="13cdc9d9-ddb5-4fa4-a97d-d965ccfc6d4b" outcome="Passed" testListId="8c84fa94-04c1-424b-9868-57a2d4851a1d" relativeResultsDirectory="be5fdd79-4ff3-43ac-8a4e-5ae0d75b2fce" />
    <UnitTestResult executionId="3cb24599-38dd-4d2d-a04e-e6b127a57edf" testId="06b77027-f858-0c36-a0f8-91563275b6e1" testName="CRMTests.Integration.CustomerInteractionsIntegrationsTest.PostANonAdultCustomerMustReturnError() [02] When the customer John Doe is posted" computerName="CAW-PF3F2WK3" duration="00:00:00.0006901" startTime="2022-10-23T20:53:54.2146278-04:00" endTime="2022-10-23T20:53:54.2146279-04:00" testType="13cdc9d9-ddb5-4fa4-a97d-d965ccfc6d4b" outcome="Passed" testListId="8c84fa94-04c1-424b-9868-57a2d4851a1d" relativeResultsDirectory="3cb24599-38dd-4d2d-a04e-e6b127a57edf" />
    <UnitTestResult executionId="24ff7fb4-4b0f-4d35-b00a-2ff5185e15b8" testId="62448752-07b4-5b58-e28c-49c5324641df" testName="CRMTests.CustomerInteractionsTest.AddCustomerToRepository() [02] When this customer is added" computerName="CAW-PF3F2WK3" duration="00:00:00.0006958" startTime="2022-10-23T20:53:54.2480096-04:00" endTime="2022-10-23T20:53:54.2480096-04:00" testType="13cdc9d9-ddb5-4fa4-a97d-d965ccfc6d4b" outcome="Passed" testListId="8c84fa94-04c1-424b-9868-57a2d4851a1d" relativeResultsDirectory="24ff7fb4-4b0f-4d35-b00a-2ff5185e15b8" />
    <UnitTestResult executionId="068a51fc-bb2a-4d1f-9606-f8f45cc8778f" testId="d070c2af-e244-b40e-a1fe-822837088646" testName="CRMTests.Integration.CustomerInteractionsIntegrationsTest.GetCustomersJohnFromCRM() [02] When the customer John Doe is requested" computerName="CAW-PF3F2WK3" duration="00:00:00.0055391" startTime="2022-10-23T20:53:54.5361732-04:00" endTime="2022-10-23T20:53:54.5361735-04:00" testType="13cdc9d9-ddb5-4fa4-a97d-d965ccfc6d4b" outcome="Passed" testListId="8c84fa94-04c1-424b-9868-57a2d4851a1d" relativeResultsDirectory="068a51fc-bb2a-4d1f-9606-f8f45cc8778f" />
    <UnitTestResult executionId="474f2039-137a-49a9-9ddb-d01aa4bf711e" testId="890dc6d8-3b3c-2dd1-89b8-07ee73c8671e" testName="CRMTests.Integration.CustomerInteractionsIntegrationsTest.PostCustomersJohnAndJaneToCRM(id: &quot;JD1&quot;, firstName: &quot;John&quot;, lastName: &quot;Doe&quot;, dateOfBirth: &quot;2000-01-01&quot;) [02] When these customers are posted" computerName="CAW-PF3F2WK3" duration="00:00:00.0072166" startTime="2022-10-23T20:53:54.4537872-04:00" endTime="2022-10-23T20:53:54.4537874-04:00" testType="13cdc9d9-ddb5-4fa4-a97d-d965ccfc6d4b" outcome="Passed" testListId="8c84fa94-04c1-424b-9868-57a2d4851a1d" relativeResultsDirectory="474f2039-137a-49a9-9ddb-d01aa4bf711e" />
    <UnitTestResult executionId="46c4af90-99d8-46df-bd16-880fb14c3dd5" testId="890dc6d8-3b3c-2dd1-89b8-07ee73c8671e" testName="CRMTests.Integration.CustomerInteractionsIntegrationsTest.PostCustomersJohnAndJaneToCRM(id: &quot;JD2&quot;, firstName: &quot;Jane&quot;, lastName: &quot;Doe&quot;, dateOfBirth: &quot;1999-02-02&quot;) [01] Given we have a these new customers to add to the CRM" computerName="CAW-PF3F2WK3" duration="00:00:00.0000064" startTime="2022-10-23T20:53:54.4904809-04:00" endTime="2022-10-23T20:53:54.4904811-04:00" testType="13cdc9d9-ddb5-4fa4-a97d-d965ccfc6d4b" outcome="Passed" testListId="8c84fa94-04c1-424b-9868-57a2d4851a1d" relativeResultsDirectory="46c4af90-99d8-46df-bd16-880fb14c3dd5" />
    <UnitTestResult executionId="316f62a1-1bf5-49fe-96b4-a6820f3d2328" testId="890dc6d8-3b3c-2dd1-89b8-07ee73c8671e" testName="CRMTests.Integration.CustomerInteractionsIntegrationsTest.PostCustomersJohnAndJaneToCRM(id: &quot;JD1&quot;, firstName: &quot;John&quot;, lastName: &quot;Doe&quot;, dateOfBirth: &quot;2000-01-01&quot;) [03] Then these customer are added and saved" computerName="CAW-PF3F2WK3" duration="00:00:00.0064780" startTime="2022-10-23T20:53:54.4603579-04:00" endTime="2022-10-23T20:53:54.4603581-04:00" testType="13cdc9d9-ddb5-4fa4-a97d-d965ccfc6d4b" outcome="Passed" testListId="8c84fa94-04c1-424b-9868-57a2d4851a1d" relativeResultsDirectory="316f62a1-1bf5-49fe-96b4-a6820f3d2328" />
    <UnitTestResult executionId="65739477-8944-46c4-ae08-60e576aa7d90" testId="b1c00b2a-e8f2-6cc1-0eec-b57070e6db04" testName="CRMTests.CustomerInteractionsTest.CustomerMustBeAnAdult() [03] Then the customer is not added to the CRM and an error message is returned as : [Age must be 18 or older]" computerName="CAW-PF3F2WK3" duration="00:00:00.0058471" startTime="2022-10-23T20:53:54.2128742-04:00" endTime="2022-10-23T20:53:54.2128744-04:00" testType="13cdc9d9-ddb5-4fa4-a97d-d965ccfc6d4b" outcome="Passed" testListId="8c84fa94-04c1-424b-9868-57a2d4851a1d" relativeResultsDirectory="65739477-8944-46c4-ae08-60e576aa7d90" />
    <UnitTestResult executionId="48766cfe-409b-457f-98c5-b62a49fd2880" testId="dfe296a8-51c0-fe7d-de68-5e4ff1aa909b" testName="CRMTests.Integration.CustomerInteractionsIntegrationsTest.PostCustomersJohnShouldUpdateJohn(id: &quot;JD1&quot;, firstName: &quot;John&quot;, lastName: &quot;Doe&quot;, dateOfBirth: &quot;2000-01-01&quot;) [03] Then this customer is just updated and saved" computerName="CAW-PF3F2WK3" duration="00:00:00.0055588" startTime="2022-10-23T20:53:54.4103818-04:00" endTime="2022-10-23T20:53:54.4103820-04:00" testType="13cdc9d9-ddb5-4fa4-a97d-d965ccfc6d4b" outcome="Passed" testListId="8c84fa94-04c1-424b-9868-57a2d4851a1d" relativeResultsDirectory="48766cfe-409b-457f-98c5-b62a49fd2880" />
    <UnitTestResult executionId="8a34e8c0-23f3-4b25-bd3e-5786d45a2371" testId="afcd0129-6e60-3d55-6d28-4527bf4561aa" testName="CRMTests.CustomerInteractionsTest.CustomerFieldsAreAllRequired() [01] Given we have a new customer with ommited required fields" computerName="CAW-PF3F2WK3" duration="00:00:00.0008249" startTime="2022-10-23T20:53:54.2461775-04:00" endTime="2022-10-23T20:53:54.2461775-04:00" testType="13cdc9d9-ddb5-4fa4-a97d-d965ccfc6d4b" outcome="Passed" testListId="8c84fa94-04c1-424b-9868-57a2d4851a1d" relativeResultsDirectory="8a34e8c0-23f3-4b25-bd3e-5786d45a2371" />
    <UnitTestResult executionId="ae71c0f6-79d3-4370-bcbd-6a0bad6094c2" testId="b1c00b2a-e8f2-6cc1-0eec-b57070e6db04" testName="CRMTests.CustomerInteractionsTest.CustomerMustBeAnAdult() [02] When it is attempted to be added to the CRM" computerName="CAW-PF3F2WK3" duration="00:00:00.0341428" startTime="2022-10-23T20:53:54.2069975-04:00" endTime="2022-10-23T20:53:54.2069977-04:00" testType="13cdc9d9-ddb5-4fa4-a97d-d965ccfc6d4b" outcome="Passed" testListId="8c84fa94-04c1-424b-9868-57a2d4851a1d" relativeResultsDirectory="ae71c0f6-79d3-4370-bcbd-6a0bad6094c2" />
    <UnitTestResult executionId="42aaa43a-5b99-4048-bf54-81678e4a7a3e" testId="8ea5fe21-9c0f-59f5-c48b-9b8f27394051" testName="CRMTests.CustomerInteractionsTest.DeleteCustomerByIdFromCRM() [01] Given we have an existing customer" computerName="CAW-PF3F2WK3" duration="00:00:00.0001219" startTime="2022-10-23T20:53:54.2464649-04:00" endTime="2022-10-23T20:53:54.2464649-04:00" testType="13cdc9d9-ddb5-4fa4-a97d-d965ccfc6d4b" outcome="Passed" testListId="8c84fa94-04c1-424b-9868-57a2d4851a1d" relativeResultsDirectory="42aaa43a-5b99-4048-bf54-81678e4a7a3e" />
    <UnitTestResult executionId="a53171df-7666-4489-b770-8231e2cd7331" testId="f3092fd5-ee91-7609-db10-271b148406f9" testName="CRMTests.Integration.CustomerInteractionsIntegrationsTest.TryDeleteNullCustomersFromCRMShouldReturnHTTPNOTFOUND() [01] When the non exiting customer BadId is requested to be deleted" computerName="CAW-PF3F2WK3" duration="00:00:00.0003093" startTime="2022-10-23T20:53:54.5974633-04:00" endTime="2022-10-23T20:53:54.5974634-04:00" testType="13cdc9d9-ddb5-4fa4-a97d-d965ccfc6d4b" outcome="Passed" testListId="8c84fa94-04c1-424b-9868-57a2d4851a1d" relativeResultsDirectory="a53171df-7666-4489-b770-8231e2cd7331" />
    <UnitTestResult executionId="09be43ca-543f-4216-a62f-a8e90b980c30" testId="d070c2af-e244-b40e-a1fe-822837088646" testName="CRMTests.Integration.CustomerInteractionsIntegrationsTest.GetCustomersJohnFromCRM() [03] Then the customer John Doe is returned" computerName="CAW-PF3F2WK3" duration="00:00:00.0002172" startTime="2022-10-23T20:53:54.5363978-04:00" endTime="2022-10-23T20:53:54.5363979-04:00" testType="13cdc9d9-ddb5-4fa4-a97d-d965ccfc6d4b" outcome="Passed" testListId="8c84fa94-04c1-424b-9868-57a2d4851a1d" relativeResultsDirectory="09be43ca-543f-4216-a62f-a8e90b980c30" />
    <UnitTestResult executionId="24fa8704-2ae2-4786-8e75-6581bb6350e1" testId="7173fd1f-fe22-3ed5-9d0c-92d42fd79e9b" testName="CRMTests.CustomerInteractionsTest.DeleteCustomerFromCRM() [03] Then the customer is deleted" computerName="CAW-PF3F2WK3" duration="00:00:00.0031804" startTime="2022-10-23T20:53:54.2247429-04:00" endTime="2022-10-23T20:53:54.2247432-04:00" testType="13cdc9d9-ddb5-4fa4-a97d-d965ccfc6d4b" outcome="Passed" testListId="8c84fa94-04c1-424b-9868-57a2d4851a1d" relativeResultsDirectory="24fa8704-2ae2-4786-8e75-6581bb6350e1" />
    <UnitTestResult executionId="50a6226f-19cb-4287-bbde-65b7e9bd1b35" testId="f3092fd5-ee91-7609-db10-271b148406f9" testName="CRMTests.Integration.CustomerInteractionsIntegrationsTest.TryDeleteNullCustomersFromCRMShouldReturnHTTPNOTFOUND() [02] Then the customer John Doe is returned" computerName="CAW-PF3F2WK3" duration="00:00:00.0000768" startTime="2022-10-23T20:53:54.5976268-04:00" endTime="2022-10-23T20:53:54.5976268-04:00" testType="13cdc9d9-ddb5-4fa4-a97d-d965ccfc6d4b" outcome="Passed" testListId="8c84fa94-04c1-424b-9868-57a2d4851a1d" relativeResultsDirectory="50a6226f-19cb-4287-bbde-65b7e9bd1b35" />
    <UnitTestResult executionId="4eaf3b17-6d9a-46f1-b7c1-95ab6d522a89" testId="06b77027-f858-0c36-a0f8-91563275b6e1" testName="CRMTests.Integration.CustomerInteractionsIntegrationsTest.PostANonAdultCustomerMustReturnError() [01] Given we have John Doe a new customer that is 0 years of age" computerName="CAW-PF3F2WK3" duration="00:00:00.0001203" startTime="2022-10-23T20:53:54.2141471-04:00" endTime="2022-10-23T20:53:54.2141472-04:00" testType="13cdc9d9-ddb5-4fa4-a97d-d965ccfc6d4b" outcome="Passed" testListId="8c84fa94-04c1-424b-9868-57a2d4851a1d" relativeResultsDirectory="4eaf3b17-6d9a-46f1-b7c1-95ab6d522a89" />
  </Results>
  <TestDefinitions>
    <UnitTest name="CRMTests.CustomerInteractionsTest.DeleteCustomerFromCRMFailsWhenNotFound" storage="c:\users\steevessaillant\source\repos\xunit_csharp_example\crmtests\bin\debug\net6.0\crmtests.dll" id="a3ceb4f6-76d3-300a-c363-9f3721bc71df">
      <Execution id="a18c616a-d565-4f34-bc5b-41122453d3c9" />
      <TestMethod codeBase="C:\Users\SteevesSaillant\source\repos\XUnit_CSharp_Example\CRMTests\bin\Debug\net6.0\CRMTests.dll" adapterTypeName="executor://xunit/VsTestRunner2/netcoreapp" className="CRMTests.CustomerInteractionsTest" name="DeleteCustomerFromCRMFailsWhenNotFound" />
    </UnitTest>
    <UnitTest name="CRMTests.CustomerInteractionsTest.AddCustomerToRepository" storage="c:\users\steevessaillant\source\repos\xunit_csharp_example\crmtests\bin\debug\net6.0\crmtests.dll" id="62448752-07b4-5b58-e28c-49c5324641df">
      <Execution id="be5fdd79-4ff3-43ac-8a4e-5ae0d75b2fce" />
      <TestMethod codeBase="C:\Users\SteevesSaillant\source\repos\XUnit_CSharp_Example\CRMTests\bin\Debug\net6.0\CRMTests.dll" adapterTypeName="executor://xunit/VsTestRunner2/netcoreapp" className="CRMTests.CustomerInteractionsTest" name="AddCustomerToRepository" />
    </UnitTest>
    <UnitTest name="CRMTests.Integration.CustomerInteractionsIntegrationsTest.PostANonAdultCustomerMustReturnError" storage="c:\users\steevessaillant\source\repos\xunit_csharp_example\crmtests\bin\debug\net6.0\crmtests.dll" id="06b77027-f858-0c36-a0f8-91563275b6e1">
      <Execution id="4eaf3b17-6d9a-46f1-b7c1-95ab6d522a89" />
      <TestMethod codeBase="C:\Users\SteevesSaillant\source\repos\XUnit_CSharp_Example\CRMTests\bin\Debug\net6.0\CRMTests.dll" adapterTypeName="executor://xunit/VsTestRunner2/netcoreapp" className="CRMTests.Integration.CustomerInteractionsIntegrationsTest" name="PostANonAdultCustomerMustReturnError" />
    </UnitTest>
    <UnitTest name="CRMTests.Integration.CustomerInteractionsIntegrationsTest.PostCustomersJohnShouldUpdateJohn" storage="c:\users\steevessaillant\source\repos\xunit_csharp_example\crmtests\bin\debug\net6.0\crmtests.dll" id="dfe296a8-51c0-fe7d-de68-5e4ff1aa909b">
      <Execution id="3a32d54d-a9c4-4b44-9097-85a6e9f6c440" />
      <TestMethod codeBase="C:\Users\SteevesSaillant\source\repos\XUnit_CSharp_Example\CRMTests\bin\Debug\net6.0\CRMTests.dll" adapterTypeName="executor://xunit/VsTestRunner2/netcoreapp" className="CRMTests.Integration.CustomerInteractionsIntegrationsTest" name="PostCustomersJohnShouldUpdateJohn" />
    </UnitTest>
    <UnitTest name="CRMTests.CustomerInteractionsTest.GetAllCustomerFromCRM" storage="c:\users\steevessaillant\source\repos\xunit_csharp_example\crmtests\bin\debug\net6.0\crmtests.dll" id="2d1fe5fa-7781-df7a-028c-228efa4e53a3">
      <Execution id="92163d10-7319-4fa4-b82c-62623f7efa6d" />
      <TestMethod codeBase="C:\Users\SteevesSaillant\source\repos\XUnit_CSharp_Example\CRMTests\bin\Debug\net6.0\CRMTests.dll" adapterTypeName="executor://xunit/VsTestRunner2/netcoreapp" className="CRMTests.CustomerInteractionsTest" name="GetAllCustomerFromCRM" />
    </UnitTest>
    <UnitTest name="CRMTests.Integration.CustomerInteractionsIntegrationsTest.TryDeleteNonExistingCustomersFromCRMShouldReturnHTTPNOTFOUND" storage="c:\users\steevessaillant\source\repos\xunit_csharp_example\crmtests\bin\debug\net6.0\crmtests.dll" id="88a4a26e-920c-b387-da47-7b1f88d1604b">
      <Execution id="3a63e658-4338-4e6b-b255-02215b1973af" />
      <TestMethod codeBase="C:\Users\SteevesSaillant\source\repos\XUnit_CSharp_Example\CRMTests\bin\Debug\net6.0\CRMTests.dll" adapterTypeName="executor://xunit/VsTestRunner2/netcoreapp" className="CRMTests.Integration.CustomerInteractionsIntegrationsTest" name="TryDeleteNonExistingCustomersFromCRMShouldReturnHTTPNOTFOUND" />
    </UnitTest>
    <UnitTest name="CRMTests.Integration.CustomerInteractionsIntegrationsTest.GetCustomersJohnFromCRM" storage="c:\users\steevessaillant\source\repos\xunit_csharp_example\crmtests\bin\debug\net6.0\crmtests.dll" id="d070c2af-e244-b40e-a1fe-822837088646">
      <Execution id="f68d5988-db55-43f7-9064-1a769fc25bfb" />
      <TestMethod codeBase="C:\Users\SteevesSaillant\source\repos\XUnit_CSharp_Example\CRMTests\bin\Debug\net6.0\CRMTests.dll" adapterTypeName="executor://xunit/VsTestRunner2/netcoreapp" className="CRMTests.Integration.CustomerInteractionsIntegrationsTest" name="GetCustomersJohnFromCRM" />
    </UnitTest>
    <UnitTest name="CRMTests.CustomerInteractionsTest.DeleteCustomerFromCRM" storage="c:\users\steevessaillant\source\repos\xunit_csharp_example\crmtests\bin\debug\net6.0\crmtests.dll" id="7173fd1f-fe22-3ed5-9d0c-92d42fd79e9b">
      <Execution id="9ff30491-681b-4ff4-8d48-d91dd977170e" />
      <TestMethod codeBase="C:\Users\SteevesSaillant\source\repos\XUnit_CSharp_Example\CRMTests\bin\Debug\net6.0\CRMTests.dll" adapterTypeName="executor://xunit/VsTestRunner2/netcoreapp" className="CRMTests.CustomerInteractionsTest" name="DeleteCustomerFromCRM" />
    </UnitTest>
    <UnitTest name="CRMTests.Integration.CustomerInteractionsIntegrationsTest.GetAllCustomersFromCRM" storage="c:\users\steevessaillant\source\repos\xunit_csharp_example\crmtests\bin\debug\net6.0\crmtests.dll" id="729ec0b0-b92d-9da7-e571-e31837706a5b">
      <Execution id="df9d1fbd-f548-4e22-b23f-a7e11ea81be4" />
      <TestMethod codeBase="C:\Users\SteevesSaillant\source\repos\XUnit_CSharp_Example\CRMTests\bin\Debug\net6.0\CRMTests.dll" adapterTypeName="executor://xunit/VsTestRunner2/netcoreapp" className="CRMTests.Integration.CustomerInteractionsIntegrationsTest" name="GetAllCustomersFromCRM" />
    </UnitTest>
    <UnitTest name="CRMTests.CustomerInteractionsTest.CustomerFieldsAreAllRequired" storage="c:\users\steevessaillant\source\repos\xunit_csharp_example\crmtests\bin\debug\net6.0\crmtests.dll" id="afcd0129-6e60-3d55-6d28-4527bf4561aa">
      <Execution id="8a34e8c0-23f3-4b25-bd3e-5786d45a2371" />
      <TestMethod codeBase="C:\Users\SteevesSaillant\source\repos\XUnit_CSharp_Example\CRMTests\bin\Debug\net6.0\CRMTests.dll" adapterTypeName="executor://xunit/VsTestRunner2/netcoreapp" className="CRMTests.CustomerInteractionsTest" name="CustomerFieldsAreAllRequired" />
    </UnitTest>
    <UnitTest name="CRMTests.Integration.CustomerInteractionsIntegrationsTest.TryDeleteNullCustomersFromCRMShouldReturnHTTPNOTFOUND" storage="c:\users\steevessaillant\source\repos\xunit_csharp_example\crmtests\bin\debug\net6.0\crmtests.dll" id="f3092fd5-ee91-7609-db10-271b148406f9">
      <Execution id="a53171df-7666-4489-b770-8231e2cd7331" />
      <TestMethod codeBase="C:\Users\SteevesSaillant\source\repos\XUnit_CSharp_Example\CRMTests\bin\Debug\net6.0\CRMTests.dll" adapterTypeName="executor://xunit/VsTestRunner2/netcoreapp" className="CRMTests.Integration.CustomerInteractionsIntegrationsTest" name="TryDeleteNullCustomersFromCRMShouldReturnHTTPNOTFOUND" />
    </UnitTest>
    <UnitTest name="CRMTests.Integration.CustomerInteractionsIntegrationsTest.PostCustomersJohnAndJaneToCRM" storage="c:\users\steevessaillant\source\repos\xunit_csharp_example\crmtests\bin\debug\net6.0\crmtests.dll" id="890dc6d8-3b3c-2dd1-89b8-07ee73c8671e">
      <Execution id="f89e238a-4f4f-4986-be80-decf5758c37c" />
      <TestMethod codeBase="C:\Users\SteevesSaillant\source\repos\XUnit_CSharp_Example\CRMTests\bin\Debug\net6.0\CRMTests.dll" adapterTypeName="executor://xunit/VsTestRunner2/netcoreapp" className="CRMTests.Integration.CustomerInteractionsIntegrationsTest" name="PostCustomersJohnAndJaneToCRM" />
    </UnitTest>
    <UnitTest name="CRMTests.Integration.CustomerInteractionsIntegrationsTest.PostAnAdultCustomerButOtherRequiredFieldsAreEmptyMustReturnErrors" storage="c:\users\steevessaillant\source\repos\xunit_csharp_example\crmtests\bin\debug\net6.0\crmtests.dll" id="7bc3cad3-c134-4363-bf83-dcfa6f62fe6d">
      <Execution id="509b7c5b-b79a-41b8-9679-de7eb51dbed2" />
      <TestMethod codeBase="C:\Users\SteevesSaillant\source\repos\XUnit_CSharp_Example\CRMTests\bin\Debug\net6.0\CRMTests.dll" adapterTypeName="executor://xunit/VsTestRunner2/netcoreapp" className="CRMTests.Integration.CustomerInteractionsIntegrationsTest" name="PostAnAdultCustomerButOtherRequiredFieldsAreEmptyMustReturnErrors" />
    </UnitTest>
    <UnitTest name="CRMTests.CustomerInteractionsTest.CustomerMustBeAnAdult" storage="c:\users\steevessaillant\source\repos\xunit_csharp_example\crmtests\bin\debug\net6.0\crmtests.dll" id="b1c00b2a-e8f2-6cc1-0eec-b57070e6db04">
      <Execution id="f3621837-8f1c-47d2-984d-34843663ddb3" />
      <TestMethod codeBase="C:\Users\SteevesSaillant\source\repos\XUnit_CSharp_Example\CRMTests\bin\Debug\net6.0\CRMTests.dll" adapterTypeName="executor://xunit/VsTestRunner2/netcoreapp" className="CRMTests.CustomerInteractionsTest" name="CustomerMustBeAnAdult" />
    </UnitTest>
    <UnitTest name="CRMTests.CustomerInteractionsTest.DeleteCustomerByIdFromCRM" storage="c:\users\steevessaillant\source\repos\xunit_csharp_example\crmtests\bin\debug\net6.0\crmtests.dll" id="8ea5fe21-9c0f-59f5-c48b-9b8f27394051">
      <Execution id="42aaa43a-5b99-4048-bf54-81678e4a7a3e" />
      <TestMethod codeBase="C:\Users\SteevesSaillant\source\repos\XUnit_CSharp_Example\CRMTests\bin\Debug\net6.0\CRMTests.dll" adapterTypeName="executor://xunit/VsTestRunner2/netcoreapp" className="CRMTests.CustomerInteractionsTest" name="DeleteCustomerByIdFromCRM" />
    </UnitTest>
  </TestDefinitions>
  <TestEntries>
    <TestEntry testId="88a4a26e-920c-b387-da47-7b1f88d1604b" executionId="8b06b4d5-90d5-479a-8a0e-9a87cf9374f3" testListId="8c84fa94-04c1-424b-9868-57a2d4851a1d" />
    <TestEntry testId="2d1fe5fa-7781-df7a-028c-228efa4e53a3" executionId="937fb096-755b-47c9-b69d-ad34a9ef664e" testListId="8c84fa94-04c1-424b-9868-57a2d4851a1d" />
    <TestEntry testId="dfe296a8-51c0-fe7d-de68-5e4ff1aa909b" executionId="3a32d54d-a9c4-4b44-9097-85a6e9f6c440" testListId="8c84fa94-04c1-424b-9868-57a2d4851a1d" />
    <TestEntry testId="7173fd1f-fe22-3ed5-9d0c-92d42fd79e9b" executionId="9ff30491-681b-4ff4-8d48-d91dd977170e" testListId="8c84fa94-04c1-424b-9868-57a2d4851a1d" />
    <TestEntry testId="729ec0b0-b92d-9da7-e571-e31837706a5b" executionId="df9d1fbd-f548-4e22-b23f-a7e11ea81be4" testListId="8c84fa94-04c1-424b-9868-57a2d4851a1d" />
    <TestEntry testId="62448752-07b4-5b58-e28c-49c5324641df" executionId="ab431d46-8d85-4e68-ac7e-b001f880e9a7" testListId="8c84fa94-04c1-424b-9868-57a2d4851a1d" />
    <TestEntry testId="06b77027-f858-0c36-a0f8-91563275b6e1" executionId="558a913a-cf60-47f7-930a-7d4966582982" testListId="8c84fa94-04c1-424b-9868-57a2d4851a1d" />
    <TestEntry testId="2d1fe5fa-7781-df7a-028c-228efa4e53a3" executionId="92163d10-7319-4fa4-b82c-62623f7efa6d" testListId="8c84fa94-04c1-424b-9868-57a2d4851a1d" />
    <TestEntry testId="dfe296a8-51c0-fe7d-de68-5e4ff1aa909b" executionId="6c4904a2-ae23-447a-a6a1-acec101b4e13" testListId="8c84fa94-04c1-424b-9868-57a2d4851a1d" />
    <TestEntry testId="a3ceb4f6-76d3-300a-c363-9f3721bc71df" executionId="c31223b9-baf5-4d47-aab8-62789bdc82a6" testListId="8c84fa94-04c1-424b-9868-57a2d4851a1d" />
    <TestEntry testId="88a4a26e-920c-b387-da47-7b1f88d1604b" executionId="3a63e658-4338-4e6b-b255-02215b1973af" testListId="8c84fa94-04c1-424b-9868-57a2d4851a1d" />
    <TestEntry testId="890dc6d8-3b3c-2dd1-89b8-07ee73c8671e" executionId="e1164376-6684-4165-bb62-d17162ce66f7" testListId="8c84fa94-04c1-424b-9868-57a2d4851a1d" />
    <TestEntry testId="afcd0129-6e60-3d55-6d28-4527bf4561aa" executionId="7decc27a-70cd-4b48-b741-08ebfda9c7f5" testListId="8c84fa94-04c1-424b-9868-57a2d4851a1d" />
    <TestEntry testId="890dc6d8-3b3c-2dd1-89b8-07ee73c8671e" executionId="f89e238a-4f4f-4986-be80-decf5758c37c" testListId="8c84fa94-04c1-424b-9868-57a2d4851a1d" />
    <TestEntry testId="7bc3cad3-c134-4363-bf83-dcfa6f62fe6d" executionId="2087a270-3a97-4ab4-a303-45baff8804b6" testListId="8c84fa94-04c1-424b-9868-57a2d4851a1d" />
    <TestEntry testId="729ec0b0-b92d-9da7-e571-e31837706a5b" executionId="59682d47-aa34-4bf0-ac9e-9726ef6a4b54" testListId="8c84fa94-04c1-424b-9868-57a2d4851a1d" />
    <TestEntry testId="d070c2af-e244-b40e-a1fe-822837088646" executionId="f68d5988-db55-43f7-9064-1a769fc25bfb" testListId="8c84fa94-04c1-424b-9868-57a2d4851a1d" />
    <TestEntry testId="2d1fe5fa-7781-df7a-028c-228efa4e53a3" executionId="7855d80e-be2d-4f77-a1d8-c558a1f2cdbc" testListId="8c84fa94-04c1-424b-9868-57a2d4851a1d" />
    <TestEntry testId="afcd0129-6e60-3d55-6d28-4527bf4561aa" executionId="3e03f8d8-6720-4b17-bd76-90585c3c8018" testListId="8c84fa94-04c1-424b-9868-57a2d4851a1d" />
    <TestEntry testId="7bc3cad3-c134-4363-bf83-dcfa6f62fe6d" executionId="509b7c5b-b79a-41b8-9679-de7eb51dbed2" testListId="8c84fa94-04c1-424b-9868-57a2d4851a1d" />
    <TestEntry testId="890dc6d8-3b3c-2dd1-89b8-07ee73c8671e" executionId="bc298c11-b100-4fa0-8266-00f5b873b415" testListId="8c84fa94-04c1-424b-9868-57a2d4851a1d" />
    <TestEntry testId="8ea5fe21-9c0f-59f5-c48b-9b8f27394051" executionId="639e3b30-0a9c-4593-bcbb-8ea6a8d9499f" testListId="8c84fa94-04c1-424b-9868-57a2d4851a1d" />
    <TestEntry testId="729ec0b0-b92d-9da7-e571-e31837706a5b" executionId="f7e88d13-8f82-4782-8092-a12d86cb81bb" testListId="8c84fa94-04c1-424b-9868-57a2d4851a1d" />
    <TestEntry testId="7bc3cad3-c134-4363-bf83-dcfa6f62fe6d" executionId="87ebbccb-b7f9-41cb-a7f9-64fe7b099cc5" testListId="8c84fa94-04c1-424b-9868-57a2d4851a1d" />
    <TestEntry testId="8ea5fe21-9c0f-59f5-c48b-9b8f27394051" executionId="77dcb9e8-552f-4461-8559-e1fbd0a46f72" testListId="8c84fa94-04c1-424b-9868-57a2d4851a1d" />
    <TestEntry testId="a3ceb4f6-76d3-300a-c363-9f3721bc71df" executionId="a18c616a-d565-4f34-bc5b-41122453d3c9" testListId="8c84fa94-04c1-424b-9868-57a2d4851a1d" />
    <TestEntry testId="a3ceb4f6-76d3-300a-c363-9f3721bc71df" executionId="01b708a5-a934-4d02-b37e-81bc987b69de" testListId="8c84fa94-04c1-424b-9868-57a2d4851a1d" />
    <TestEntry testId="b1c00b2a-e8f2-6cc1-0eec-b57070e6db04" executionId="f3621837-8f1c-47d2-984d-34843663ddb3" testListId="8c84fa94-04c1-424b-9868-57a2d4851a1d" />
    <TestEntry testId="7173fd1f-fe22-3ed5-9d0c-92d42fd79e9b" executionId="182ba76f-19ac-4bb0-9292-0a48d1446526" testListId="8c84fa94-04c1-424b-9868-57a2d4851a1d" />
    <TestEntry testId="62448752-07b4-5b58-e28c-49c5324641df" executionId="be5fdd79-4ff3-43ac-8a4e-5ae0d75b2fce" testListId="8c84fa94-04c1-424b-9868-57a2d4851a1d" />
    <TestEntry testId="06b77027-f858-0c36-a0f8-91563275b6e1" executionId="3cb24599-38dd-4d2d-a04e-e6b127a57edf" testListId="8c84fa94-04c1-424b-9868-57a2d4851a1d" />
    <TestEntry testId="62448752-07b4-5b58-e28c-49c5324641df" executionId="24ff7fb4-4b0f-4d35-b00a-2ff5185e15b8" testListId="8c84fa94-04c1-424b-9868-57a2d4851a1d" />
    <TestEntry testId="d070c2af-e244-b40e-a1fe-822837088646" executionId="068a51fc-bb2a-4d1f-9606-f8f45cc8778f" testListId="8c84fa94-04c1-424b-9868-57a2d4851a1d" />
    <TestEntry testId="890dc6d8-3b3c-2dd1-89b8-07ee73c8671e" executionId="474f2039-137a-49a9-9ddb-d01aa4bf711e" testListId="8c84fa94-04c1-424b-9868-57a2d4851a1d" />
    <TestEntry testId="890dc6d8-3b3c-2dd1-89b8-07ee73c8671e" executionId="46c4af90-99d8-46df-bd16-880fb14c3dd5" testListId="8c84fa94-04c1-424b-9868-57a2d4851a1d" />
    <TestEntry testId="890dc6d8-3b3c-2dd1-89b8-07ee73c8671e" executionId="316f62a1-1bf5-49fe-96b4-a6820f3d2328" testListId="8c84fa94-04c1-424b-9868-57a2d4851a1d" />
    <TestEntry testId="b1c00b2a-e8f2-6cc1-0eec-b57070e6db04" executionId="65739477-8944-46c4-ae08-60e576aa7d90" testListId="8c84fa94-04c1-424b-9868-57a2d4851a1d" />
    <TestEntry testId="dfe296a8-51c0-fe7d-de68-5e4ff1aa909b" executionId="48766cfe-409b-457f-98c5-b62a49fd2880" testListId="8c84fa94-04c1-424b-9868-57a2d4851a1d" />
    <TestEntry testId="afcd0129-6e60-3d55-6d28-4527bf4561aa" executionId="8a34e8c0-23f3-4b25-bd3e-5786d45a2371" testListId="8c84fa94-04c1-424b-9868-57a2d4851a1d" />
    <TestEntry testId="b1c00b2a-e8f2-6cc1-0eec-b57070e6db04" executionId="ae71c0f6-79d3-4370-bcbd-6a0bad6094c2" testListId="8c84fa94-04c1-424b-9868-57a2d4851a1d" />
    <TestEntry testId="8ea5fe21-9c0f-59f5-c48b-9b8f27394051" executionId="42aaa43a-5b99-4048-bf54-81678e4a7a3e" testListId="8c84fa94-04c1-424b-9868-57a2d4851a1d" />
    <TestEntry testId="f3092fd5-ee91-7609-db10-271b148406f9" executionId="a53171df-7666-4489-b770-8231e2cd7331" testListId="8c84fa94-04c1-424b-9868-57a2d4851a1d" />
    <TestEntry testId="d070c2af-e244-b40e-a1fe-822837088646" executionId="09be43ca-543f-4216-a62f-a8e90b980c30" testListId="8c84fa94-04c1-424b-9868-57a2d4851a1d" />
    <TestEntry testId="7173fd1f-fe22-3ed5-9d0c-92d42fd79e9b" executionId="24fa8704-2ae2-4786-8e75-6581bb6350e1" testListId="8c84fa94-04c1-424b-9868-57a2d4851a1d" />
    <TestEntry testId="f3092fd5-ee91-7609-db10-271b148406f9" executionId="50a6226f-19cb-4287-bbde-65b7e9bd1b35" testListId="8c84fa94-04c1-424b-9868-57a2d4851a1d" />
    <TestEntry testId="06b77027-f858-0c36-a0f8-91563275b6e1" executionId="4eaf3b17-6d9a-46f1-b7c1-95ab6d522a89" testListId="8c84fa94-04c1-424b-9868-57a2d4851a1d" />
  </TestEntries>
  <TestLists>
    <TestList name="Results Not in a List" id="8c84fa94-04c1-424b-9868-57a2d4851a1d" />
    <TestList name="All Loaded Results" id="19431567-8539-422a-85d7-44ee4e166bda" />
  </TestLists>
  <ResultSummary outcome="Completed">
    <Counters total="46" executed="46" passed="46" failed="0" error="0" timeout="0" aborted="0" inconclusive="0" passedButRunAborted="0" notRunnable="0" notExecuted="0" disconnected="0" warning="0" completed="0" inProgress="0" pending="0" />
    <Output>
      <StdOut>[xUnit.net 00:00:00.00] xUnit.net VSTest Adapter v2.4.5+1caef2f33e (64-bit .NET 6.0.9)&#xD;
[xUnit.net 00:00:00.45]   Discovering: CRMTests&#xD;
[xUnit.net 00:00:00.47]   Discovered:  CRMTests&#xD;
[xUnit.net 00:00:00.47]   Starting:    CRMTests&#xD;
[xUnit.net 00:00:01.02]   Finished:    CRMTests&#xD;
</StdOut>
    </Output>
    <CollectorDataEntries>
      <Collector agentName="CAW-PF3F2WK3" uri="datacollector://microsoft/CoverletCodeCoverage/1.0" collectorDisplayName="XPlat code coverage">
        <UriAttachments>
          <UriAttachment>
            <A href="CAW-PF3F2WK3\coverage.cobertura.xml"></A>
          </UriAttachment>
        </UriAttachments>
      </Collector>
    </CollectorDataEntries>
  </ResultSummary>
</TestRun>